2025-05-01 14:20:21 [restartedMain] INFO  o.s.c.c.c.ConfigServerConfigDataLoader - Fetching config from server at : http://localhost:8100
2025-05-01 14:20:21 [restartedMain] INFO  o.s.c.c.c.ConfigServerConfigDataLoader - Located environment: name=sms, profiles=[default], label=null, version=0d368ca35165ea04e448fc73408437d6375b0d83, state=null
2025-05-01 14:20:21 [restartedMain] INFO  o.s.c.c.c.ConfigServerConfigDataLoader - Fetching config from server at : http://localhost:8100
2025-05-01 14:20:21 [restartedMain] INFO  o.s.c.c.c.ConfigServerConfigDataLoader - Located environment: name=sms, profiles=[dev], label=null, version=0d368ca35165ea04e448fc73408437d6375b0d83, state=null
2025-05-01 14:20:21 [restartedMain] INFO  o.s.b.d.e.DevToolsPropertyDefaultsPostProcessor - Devtools property defaults active! Set 'spring.devtools.add-properties' to 'false' to disable
2025-05-01 14:20:22 [restartedMain] INFO  o.s.c.c.c.ConfigServicePropertySourceLocator - Fetching config from server at : http://localhost:8100
2025-05-01 14:20:22 [restartedMain] INFO  o.s.c.c.c.ConfigServicePropertySourceLocator - Located environment: name=sms, profiles=[default,dev], label=null, version=0d368ca35165ea04e448fc73408437d6375b0d83, state=null
2025-05-01 14:20:22 [restartedMain] INFO  o.s.c.b.c.PropertySourceBootstrapConfiguration - Located property source: [BootstrapPropertySource {name='bootstrapProperties-configClient'}, BootstrapPropertySource {name='bootstrapProperties-file:///C://Users//snistal//Desktop//Antra_Training//weather-config-repo/sms-dev.properties'}]
2025-05-01 14:20:22 [restartedMain] INFO  com.example.sms.SmsApplication - The following 1 profile is active: "dev"
2025-05-01 14:20:22 [restartedMain] INFO  o.s.c.c.c.ConfigServerConfigDataLoader - Fetching config from server at : http://localhost:8100
2025-05-01 14:20:22 [restartedMain] INFO  o.s.c.c.c.ConfigServerConfigDataLoader - Located environment: name=sms, profiles=[default], label=null, version=0d368ca35165ea04e448fc73408437d6375b0d83, state=null
2025-05-01 14:20:22 [restartedMain] INFO  o.s.c.c.c.ConfigServerConfigDataLoader - Fetching config from server at : http://localhost:8100
2025-05-01 14:20:22 [restartedMain] INFO  o.s.c.c.c.ConfigServerConfigDataLoader - Located environment: name=sms, profiles=[dev], label=null, version=0d368ca35165ea04e448fc73408437d6375b0d83, state=null
2025-05-01 14:20:24 [restartedMain] INFO  o.s.d.r.c.RepositoryConfigurationDelegate - Bootstrapping Spring Data JPA repositories in DEFAULT mode.
2025-05-01 14:20:24 [restartedMain] INFO  o.s.d.r.c.RepositoryConfigurationDelegate - Finished Spring Data repository scanning in 128 ms. Found 1 JPA repository interfaces.
2025-05-01 14:20:25 [restartedMain] INFO  o.s.cloud.context.scope.GenericScope - BeanFactory id=fe4a9957-9a87-3fd2-b507-931ee87ba5fa
2025-05-01 14:20:26 [restartedMain] INFO  o.s.b.w.e.tomcat.TomcatWebServer - Tomcat initialized with port(s): 8081 (http)
2025-05-01 14:20:26 [restartedMain] INFO  o.a.catalina.core.StandardService - Starting service [Tomcat]
2025-05-01 14:20:26 [restartedMain] INFO  o.a.catalina.core.StandardEngine - Starting Servlet engine: [Apache Tomcat/9.0.79]
2025-05-01 14:20:26 [restartedMain] INFO  o.a.c.c.C.[Tomcat].[localhost].[/] - Initializing Spring embedded WebApplicationContext
2025-05-01 14:20:26 [restartedMain] INFO  o.s.b.w.s.c.ServletWebServerApplicationContext - Root WebApplicationContext: initialization completed in 3382 ms
2025-05-01 14:20:26 [restartedMain] INFO  o.h.jpa.internal.util.LogHelper - HHH000204: Processing PersistenceUnitInfo [name: default]
2025-05-01 14:20:26 [restartedMain] INFO  org.hibernate.Version - HHH000412: Hibernate ORM core version 5.6.15.Final
2025-05-01 14:20:27 [restartedMain] INFO  o.h.annotations.common.Version - HCANN000001: Hibernate Commons Annotations {5.1.2.Final}
2025-05-01 14:20:27 [restartedMain] INFO  com.zaxxer.hikari.HikariDataSource - HikariPool-1 - Starting...
2025-05-01 14:20:27 [restartedMain] INFO  com.zaxxer.hikari.HikariDataSource - HikariPool-1 - Start completed.
2025-05-01 14:20:27 [restartedMain] INFO  org.hibernate.dialect.Dialect - HHH000400: Using dialect: org.hibernate.dialect.MySQL8Dialect
2025-05-01 14:20:28 [restartedMain] INFO  o.h.e.t.j.p.i.JtaPlatformInitiator - HHH000490: Using JtaPlatform implementation: [org.hibernate.engine.transaction.jta.platform.internal.NoJtaPlatform]
2025-05-01 14:20:28 [restartedMain] INFO  o.s.o.j.LocalContainerEntityManagerFactoryBean - Initialized JPA EntityManagerFactory for persistence unit 'default'
2025-05-01 14:20:28 [restartedMain] WARN  o.s.b.a.o.j.JpaBaseConfiguration$JpaWebConfiguration - spring.jpa.open-in-view is enabled by default. Therefore, database queries may be performed during view rendering. Explicitly configure spring.jpa.open-in-view to disable this warning
2025-05-01 14:20:30 [restartedMain] WARN  o.s.b.d.a.OptionalLiveReloadServer - Unable to start LiveReload server
2025-05-01 14:20:30 [restartedMain] INFO  o.s.c.n.e.c.DiscoveryClientOptionalArgsConfiguration - Eureka HTTP Client uses RestTemplate.
2025-05-01 14:20:30 [restartedMain] WARN  o.s.c.l.c.LoadBalancerCacheAutoConfiguration$LoadBalancerCaffeineWarnLogger - Spring Cloud LoadBalancer is currently working with the default cache. While this cache implementation is useful for development and tests, it's recommended to use Caffeine cache in production.You can switch to using Caffeine cache, by adding it and org.springframework.cache.caffeine.CaffeineCacheManager to the classpath.
2025-05-01 14:20:30 [restartedMain] INFO  o.s.b.a.e.web.EndpointLinksResolver - Exposing 18 endpoint(s) beneath base path '/actuator'
2025-05-01 14:20:30 [restartedMain] INFO  o.s.c.n.eureka.InstanceInfoFactory - Setting initial instance status as: STARTING
2025-05-01 14:20:30 [restartedMain] INFO  c.netflix.discovery.DiscoveryClient - Initializing Eureka in region us-east-1
2025-05-01 14:20:31 [restartedMain] INFO  c.n.d.s.r.aws.ConfigClusterResolver - Resolving eureka endpoints via configuration
2025-05-01 14:20:31 [restartedMain] INFO  c.netflix.discovery.DiscoveryClient - Disable delta property : false
2025-05-01 14:20:31 [restartedMain] INFO  c.netflix.discovery.DiscoveryClient - Single vip registry refresh property : null
2025-05-01 14:20:31 [restartedMain] INFO  c.netflix.discovery.DiscoveryClient - Force full registry fetch : false
2025-05-01 14:20:31 [restartedMain] INFO  c.netflix.discovery.DiscoveryClient - Application is null : false
2025-05-01 14:20:31 [restartedMain] INFO  c.netflix.discovery.DiscoveryClient - Registered Applications size is zero : true
2025-05-01 14:20:31 [restartedMain] INFO  c.netflix.discovery.DiscoveryClient - Application version is -1: true
2025-05-01 14:20:31 [restartedMain] INFO  c.netflix.discovery.DiscoveryClient - Getting all instance registry info from the eureka server
2025-05-01 14:20:31 [restartedMain] INFO  c.netflix.discovery.DiscoveryClient - The response status is 200
2025-05-01 14:20:31 [restartedMain] INFO  c.netflix.discovery.DiscoveryClient - Starting heartbeat executor: renew interval is: 30
2025-05-01 14:20:31 [restartedMain] INFO  c.n.discovery.InstanceInfoReplicator - InstanceInfoReplicator onDemand update allowed rate per min is 4
2025-05-01 14:20:31 [restartedMain] INFO  c.netflix.discovery.DiscoveryClient - Discovery Client initialized at timestamp 1746134431287 with initial instances count: 2
2025-05-01 14:20:31 [restartedMain] INFO  o.s.c.n.e.s.EurekaServiceRegistry - Registering application SMS with eureka with status UP
2025-05-01 14:20:31 [restartedMain] INFO  c.netflix.discovery.DiscoveryClient - Saw local status change event StatusChangeEvent [timestamp=1746134431291, current=UP, previous=STARTING]
2025-05-01 14:20:31 [DiscoveryClient-InstanceInfoReplicator-0] INFO  c.netflix.discovery.DiscoveryClient - DiscoveryClient_SMS/host.docker.internal:sms:8081: registering service...
2025-05-01 14:20:31 [restartedMain] INFO  o.s.b.w.e.tomcat.TomcatWebServer - Tomcat started on port(s): 8081 (http) with context path ''
2025-05-01 14:20:31 [restartedMain] INFO  o.s.c.n.e.s.EurekaAutoServiceRegistration - Updating port to 8081
2025-05-01 14:20:31 [DiscoveryClient-InstanceInfoReplicator-0] INFO  c.netflix.discovery.DiscoveryClient - DiscoveryClient_SMS/host.docker.internal:sms:8081 - registration status: 204
2025-05-01 14:20:31 [restartedMain] INFO  com.example.sms.SmsApplication - Started SmsApplication in 11.666 seconds (JVM running for 16.642)
2025-05-01 14:20:31 [RMI TCP Connection(2)-192.168.1.44] INFO  o.a.c.c.C.[Tomcat].[localhost].[/] - Initializing Spring DispatcherServlet 'dispatcherServlet'
2025-05-01 14:20:31 [RMI TCP Connection(2)-192.168.1.44] INFO  o.s.web.servlet.DispatcherServlet - Initializing Servlet 'dispatcherServlet'
2025-05-01 14:20:31 [RMI TCP Connection(2)-192.168.1.44] INFO  o.s.web.servlet.DispatcherServlet - Completed initialization in 3 ms
2025-05-01 14:25:31 [AsyncResolver-bootstrap-executor-0] INFO  c.n.d.s.r.aws.ConfigClusterResolver - Resolving eureka endpoints via configuration
2025-05-01 14:30:31 [AsyncResolver-bootstrap-executor-0] INFO  c.n.d.s.r.aws.ConfigClusterResolver - Resolving eureka endpoints via configuration
2025-05-01 14:35:31 [AsyncResolver-bootstrap-executor-0] INFO  c.n.d.s.r.aws.ConfigClusterResolver - Resolving eureka endpoints via configuration
